// Jest Snapshot v1, https://goo.gl/fbAQLP

exports[`HorizontalList renders correctly 1`] = `
<EmotionCssPropInternal
  __EMOTION_TYPE_PLEASE_DO_NOT_USE__="div"
  css={
    Object {
      "name": "1ae81ju-List",
      "styles": "max-width:100%;height:100%;position:relative;overflow:hidden;position:relative;;label:List;",
    }
  }
  data-testid="h-list"
>
  <EmotionCssPropInternal
    __EMOTION_TYPE_PLEASE_DO_NOT_USE__="ul"
    css={
      Object {
        "name": "1qs8dlz-ListInner",
        "styles": "display:flex;list-style:none;align-items:flex-start;align-items:stretch;height:100%;margin:0;padding:0;transform:translateX(0);transition:transform 0.75s ease-in-out;;label:ListInner;",
      }
    }
    style={
      Object {
        "transform": "translateX(0%)",
      }
    }
  >
    <EmotionCssPropInternal
      __EMOTION_TYPE_PLEASE_DO_NOT_USE__="li"
      css={
        Object {
          "name": "1puajek-ListItem",
          "styles": "min-width:18.5%;max-width:18.5%;@media (min-width:880px){min-width:13.5%;max-width:13.5%;}&:not(:last-child){margin:0 5px 0 0;};label:ListItem;",
        }
      }
      data-item={0}
      key=".$mulan-718ddc0b-8c5f-4afd-8071-13592e4e21a1"
    >
      <PortraitItem
        item={
          Object {
            "classification": Object {
              "adult": false,
              "age": 7,
              "default": false,
              "description": "Mostrar sólo los contenidos autorizados para niños de hasta 7 años",
              "id": "3",
              "name": "7",
              "numerical_id": 3,
              "type": "classifications",
            },
            "duration": 116,
            "highlighted_score": Object {
              "amount_of_votes": 56402,
              "formatted_amount_of_votes": "56,4K",
              "score": 5.4,
              "site": Object {
                "id": "1",
                "image": "https://images-0.wuaki.tv/system/images/1/original/imdb-1594119387.png",
                "name": "IMDb",
                "numerical_id": 1,
                "scale": 10,
                "show_image": false,
                "type": "sites",
              },
            },
            "id": "mulan-718ddc0b-8c5f-4afd-8071-13592e4e21a1",
            "images": Object {
              "artwork": "https://images-0.wuaki.tv/system/artworks/134332/master/mulan-2020-1601313907.jpeg",
              "ribbons": Array [
                Object {
                  "color": "#d93232",
                  "id": "296",
                  "image": null,
                  "localized_name": "PREMIERE DIGITAL",
                  "name": "coming-soon-apiv3",
                  "numerical_id": 296,
                  "position": "top-right",
                  "text_color": "#FFFFFF",
                  "type": "ribbons",
                },
                Object {
                  "color": "#ffcc00",
                  "id": "6",
                  "image": "https://images-1.wuaki.tv/system/images/6/original/uhd-1418228576.png",
                  "localized_name": "UHD",
                  "name": "UHD",
                  "numerical_id": 6,
                  "position": "top-left",
                  "text_color": "#000000",
                  "type": "ribbons",
                },
              ],
              "snapshot": "https://images-0.wuaki.tv/system/shots/225934/original/mulan-2020-1601313574.jpeg",
            },
            "label": "21,99 €",
            "labels": Object {
              "audio_qualities": Array [
                Object {
                  "abbr": "2.0",
                  "id": "2.0",
                  "image": "https://images-1.wuaki.tv/system/logos/2/original/2-0-stereo-1456155689.png",
                  "name": "2.0 (Stereo)",
                  "numerical_id": 2,
                  "type": "audio_qualities",
                },
              ],
              "hdr_types": Array [
                Object {
                  "abbr": "NONE",
                  "id": "NONE",
                  "image": null,
                  "name": "SDR",
                  "numerical_id": 1,
                  "type": "hdr_types",
                },
              ],
              "purchase_types": Array [
                Object {
                  "available_time_in_seconds": null,
                  "expires_after_in_seconds": null,
                  "id": "2",
                  "is_recurring": false,
                  "kind": "purchase",
                  "label": "VENTA (DIGITAL LOCKER)",
                  "name": "Venta (Digital Locker)",
                  "numerical_id": 2,
                  "type": "purchase_types",
                },
              ],
              "video_qualities": Array [
                Object {
                  "abbr": "SD",
                  "id": "SD",
                  "image": "https://images-1.wuaki.tv/system/logos/2/original/sd-1456155688.png",
                  "name": "SD",
                  "numerical_id": 2,
                  "position": 0,
                  "type": "video_qualities",
                },
                Object {
                  "abbr": "HD",
                  "id": "HD",
                  "image": "https://images-0.wuaki.tv/system/logos/1/original/hd-1456155687.png",
                  "name": "HD",
                  "numerical_id": 1,
                  "position": 1,
                  "type": "video_qualities",
                },
              ],
            },
            "numerical_id": 134332,
            "rating": Object {
              "average": 3,
              "scale": 5,
            },
            "title": "Mulán",
            "type": "movies",
            "year": 2020,
          }
        }
        key="mulan-718ddc0b-8c5f-4afd-8071-13592e4e21a1"
        to={
          Object {
            "pathname": "/details/mulan-718ddc0b-8c5f-4afd-8071-13592e4e21a1",
            "state": Object {
              "from": "/",
            },
          }
        }
      />
    </EmotionCssPropInternal>
    <EmotionCssPropInternal
      __EMOTION_TYPE_PLEASE_DO_NOT_USE__="li"
      css={
        Object {
          "name": "1puajek-ListItem",
          "styles": "min-width:18.5%;max-width:18.5%;@media (min-width:880px){min-width:13.5%;max-width:13.5%;}&:not(:last-child){margin:0 5px 0 0;};label:ListItem;",
        }
      }
      data-item={1}
      key=".$the-sleeping-beauty-ballet"
    >
      <PortraitItem
        item={
          Object {
            "classification": Object {
              "adult": false,
              "age": 0,
              "default": false,
              "description": "Apta para todos los públicos",
              "id": "1",
              "name": "TP",
              "numerical_id": 1,
              "type": "classifications",
            },
            "duration": 134,
            "highlighted_score": Object {},
            "id": "the-sleeping-beauty-ballet",
            "images": Object {
              "artwork": "https://images-1.wuaki.tv/system/artworks/135881/master/the-sleeping-beauty-ballet-1602253454.jpeg",
              "ribbons": Array [],
              "snapshot": "https://images-2.wuaki.tv/system/shots/226091/original/asami-maki-ballet-tokyo-the-sleeping-beauty-1601639636.jpeg",
            },
            "label": "3,99 €",
            "labels": Object {
              "audio_qualities": Array [
                Object {
                  "abbr": "2.0",
                  "id": "2.0",
                  "image": "https://images-1.wuaki.tv/system/logos/2/original/2-0-stereo-1456155689.png",
                  "name": "2.0 (Stereo)",
                  "numerical_id": 2,
                  "type": "audio_qualities",
                },
              ],
              "hdr_types": Array [
                Object {
                  "abbr": "NONE",
                  "id": "NONE",
                  "image": null,
                  "name": "SDR",
                  "numerical_id": 1,
                  "type": "hdr_types",
                },
              ],
              "purchase_types": Array [
                Object {
                  "available_time_in_seconds": 172800,
                  "expires_after_in_seconds": 172800,
                  "id": "1",
                  "is_recurring": false,
                  "kind": "rental",
                  "label": "ALQUILER 48H",
                  "name": "Alquiler 48H",
                  "numerical_id": 1,
                  "type": "purchase_types",
                },
              ],
              "video_qualities": Array [
                Object {
                  "abbr": "SD",
                  "id": "SD",
                  "image": "https://images-1.wuaki.tv/system/logos/2/original/sd-1456155688.png",
                  "name": "SD",
                  "numerical_id": 2,
                  "position": 0,
                  "type": "video_qualities",
                },
                Object {
                  "abbr": "HD",
                  "id": "HD",
                  "image": "https://images-0.wuaki.tv/system/logos/1/original/hd-1456155687.png",
                  "name": "HD",
                  "numerical_id": 1,
                  "position": 1,
                  "type": "video_qualities",
                },
              ],
            },
            "numerical_id": 135881,
            "rating": Object {
              "average": 4,
              "scale": 5,
            },
            "title": "The Sleeping Beauty - Ballet",
            "type": "movies",
            "year": 2020,
          }
        }
        key="the-sleeping-beauty-ballet"
        to={
          Object {
            "pathname": "/details/the-sleeping-beauty-ballet",
            "state": Object {
              "from": "/",
            },
          }
        }
      />
    </EmotionCssPropInternal>
    <EmotionCssPropInternal
      __EMOTION_TYPE_PLEASE_DO_NOT_USE__="li"
      css={
        Object {
          "name": "1puajek-ListItem",
          "styles": "min-width:18.5%;max-width:18.5%;@media (min-width:880px){min-width:13.5%;max-width:13.5%;}&:not(:last-child){margin:0 5px 0 0;};label:ListItem;",
        }
      }
      data-item={2}
      key=".$la-fuerza-de-la-naturaleza"
    >
      <PortraitItem
        item={
          Object {
            "classification": Object {
              "adult": false,
              "age": 16,
              "default": false,
              "description": "Mostrar sólo los contenidos autorizados para los niños de hasta 16 años",
              "id": "8",
              "name": "16",
              "numerical_id": 8,
              "type": "classifications",
            },
            "duration": 95,
            "highlighted_score": Object {
              "amount_of_votes": 2142,
              "formatted_amount_of_votes": "2,1K",
              "score": 4.4,
              "site": Object {
                "id": "1",
                "image": "https://images-0.wuaki.tv/system/images/1/original/imdb-1594119387.png",
                "name": "IMDb",
                "numerical_id": 1,
                "scale": 10,
                "show_image": false,
                "type": "sites",
              },
            },
            "id": "la-fuerza-de-la-naturaleza",
            "images": Object {
              "artwork": "https://images-1.wuaki.tv/system/artworks/130826/master/la-fuerza-de-la-naturaleza-1600249838.jpeg",
              "ribbons": Array [],
              "snapshot": "https://images-0.wuaki.tv/system/shots/224399/original/force-of-nature-1594816702.jpeg",
            },
            "label": "3,99 €",
            "labels": Object {
              "audio_qualities": Array [
                Object {
                  "abbr": "2.0",
                  "id": "2.0",
                  "image": "https://images-1.wuaki.tv/system/logos/2/original/2-0-stereo-1456155689.png",
                  "name": "2.0 (Stereo)",
                  "numerical_id": 2,
                  "type": "audio_qualities",
                },
              ],
              "hdr_types": Array [
                Object {
                  "abbr": "NONE",
                  "id": "NONE",
                  "image": null,
                  "name": "SDR",
                  "numerical_id": 1,
                  "type": "hdr_types",
                },
              ],
              "purchase_types": Array [
                Object {
                  "available_time_in_seconds": 172800,
                  "expires_after_in_seconds": 172800,
                  "id": "1",
                  "is_recurring": false,
                  "kind": "rental",
                  "label": "ALQUILER 48H",
                  "name": "Alquiler 48H",
                  "numerical_id": 1,
                  "type": "purchase_types",
                },
                Object {
                  "available_time_in_seconds": null,
                  "expires_after_in_seconds": null,
                  "id": "2",
                  "is_recurring": false,
                  "kind": "purchase",
                  "label": "VENTA (DIGITAL LOCKER)",
                  "name": "Venta (Digital Locker)",
                  "numerical_id": 2,
                  "type": "purchase_types",
                },
              ],
              "video_qualities": Array [
                Object {
                  "abbr": "SD",
                  "id": "SD",
                  "image": "https://images-1.wuaki.tv/system/logos/2/original/sd-1456155688.png",
                  "name": "SD",
                  "numerical_id": 2,
                  "position": 0,
                  "type": "video_qualities",
                },
                Object {
                  "abbr": "HD",
                  "id": "HD",
                  "image": "https://images-0.wuaki.tv/system/logos/1/original/hd-1456155687.png",
                  "name": "HD",
                  "numerical_id": 1,
                  "position": 1,
                  "type": "video_qualities",
                },
              ],
            },
            "numerical_id": 130826,
            "rating": Object {
              "average": 3,
              "scale": 5,
            },
            "title": "La fuerza de la naturaleza",
            "type": "movies",
            "year": 2020,
          }
        }
        key="la-fuerza-de-la-naturaleza"
        to={
          Object {
            "pathname": "/details/la-fuerza-de-la-naturaleza",
            "state": Object {
              "from": "/",
            },
          }
        }
      />
    </EmotionCssPropInternal>
    <EmotionCssPropInternal
      __EMOTION_TYPE_PLEASE_DO_NOT_USE__="li"
      css={
        Object {
          "name": "1puajek-ListItem",
          "styles": "min-width:18.5%;max-width:18.5%;@media (min-width:880px){min-width:13.5%;max-width:13.5%;}&:not(:last-child){margin:0 5px 0 0;};label:ListItem;",
        }
      }
      data-item={3}
      key=".$atrapado"
    >
      <PortraitItem
        item={
          Object {
            "classification": Object {
              "adult": false,
              "age": 12,
              "default": false,
              "description": "Mostrar sólo los contenidos autorizados para los niños de hasta 12 años",
              "id": "7",
              "name": "12",
              "numerical_id": 7,
              "type": "classifications",
            },
            "duration": 81,
            "highlighted_score": Object {
              "amount_of_votes": 9,
              "formatted_amount_of_votes": "9",
              "score": 5.1,
              "site": Object {
                "id": "1",
                "image": "https://images-0.wuaki.tv/system/images/1/original/imdb-1594119387.png",
                "name": "IMDb",
                "numerical_id": 1,
                "scale": 10,
                "show_image": false,
                "type": "sites",
              },
            },
            "id": "atrapado",
            "images": Object {
              "artwork": "https://images-0.wuaki.tv/system/artworks/134275/master/atrapado-1601552390.jpeg",
              "ribbons": Array [],
              "snapshot": "https://images-3.wuaki.tv/system/shots/225271/original/seized-1599661488.jpeg",
            },
            "label": "3,99 €",
            "labels": Object {
              "audio_qualities": Array [
                Object {
                  "abbr": "2.0",
                  "id": "2.0",
                  "image": "https://images-1.wuaki.tv/system/logos/2/original/2-0-stereo-1456155689.png",
                  "name": "2.0 (Stereo)",
                  "numerical_id": 2,
                  "type": "audio_qualities",
                },
              ],
              "hdr_types": Array [
                Object {
                  "abbr": "NONE",
                  "id": "NONE",
                  "image": null,
                  "name": "SDR",
                  "numerical_id": 1,
                  "type": "hdr_types",
                },
              ],
              "purchase_types": Array [
                Object {
                  "available_time_in_seconds": 172800,
                  "expires_after_in_seconds": 172800,
                  "id": "1",
                  "is_recurring": false,
                  "kind": "rental",
                  "label": "ALQUILER 48H",
                  "name": "Alquiler 48H",
                  "numerical_id": 1,
                  "type": "purchase_types",
                },
                Object {
                  "available_time_in_seconds": null,
                  "expires_after_in_seconds": null,
                  "id": "2",
                  "is_recurring": false,
                  "kind": "purchase",
                  "label": "VENTA (DIGITAL LOCKER)",
                  "name": "Venta (Digital Locker)",
                  "numerical_id": 2,
                  "type": "purchase_types",
                },
              ],
              "video_qualities": Array [
                Object {
                  "abbr": "SD",
                  "id": "SD",
                  "image": "https://images-1.wuaki.tv/system/logos/2/original/sd-1456155688.png",
                  "name": "SD",
                  "numerical_id": 2,
                  "position": 0,
                  "type": "video_qualities",
                },
                Object {
                  "abbr": "HD",
                  "id": "HD",
                  "image": "https://images-0.wuaki.tv/system/logos/1/original/hd-1456155687.png",
                  "name": "HD",
                  "numerical_id": 1,
                  "position": 1,
                  "type": "video_qualities",
                },
              ],
            },
            "numerical_id": 134275,
            "rating": Object {
              "average": 3,
              "scale": 5,
            },
            "title": "Atrapado",
            "type": "movies",
            "year": 2020,
          }
        }
        key="atrapado"
        to={
          Object {
            "pathname": "/details/atrapado",
            "state": Object {
              "from": "/",
            },
          }
        }
      />
    </EmotionCssPropInternal>
    <EmotionCssPropInternal
      __EMOTION_TYPE_PLEASE_DO_NOT_USE__="li"
      css={
        Object {
          "name": "1puajek-ListItem",
          "styles": "min-width:18.5%;max-width:18.5%;@media (min-width:880px){min-width:13.5%;max-width:13.5%;}&:not(:last-child){margin:0 5px 0 0;};label:ListItem;",
        }
      }
      data-item={4}
      key=".$a-vigilante"
    >
      <PortraitItem
        item={
          Object {
            "classification": Object {
              "adult": false,
              "age": 18,
              "default": true,
              "description": "Mostrar todos los contenidos, excluyendo los clasificados para adultos",
              "id": "5",
              "name": "18",
              "numerical_id": 5,
              "type": "classifications",
            },
            "duration": 86,
            "highlighted_score": Object {
              "amount_of_votes": 6201,
              "formatted_amount_of_votes": "6,2K",
              "score": 5.7,
              "site": Object {
                "id": "1",
                "image": "https://images-0.wuaki.tv/system/images/1/original/imdb-1594119387.png",
                "name": "IMDb",
                "numerical_id": 1,
                "scale": 10,
                "show_image": false,
                "type": "sites",
              },
            },
            "id": "a-vigilante",
            "images": Object {
              "artwork": "https://images-0.wuaki.tv/system/artworks/132700/master/a-vigilante-1599127920.jpeg",
              "ribbons": Array [],
              "snapshot": "https://images-2.wuaki.tv/system/shots/198433/original/snapshot-1590666724.jpeg",
            },
            "label": "3,99 €",
            "labels": Object {
              "audio_qualities": Array [
                Object {
                  "abbr": "2.0",
                  "id": "2.0",
                  "image": "https://images-1.wuaki.tv/system/logos/2/original/2-0-stereo-1456155689.png",
                  "name": "2.0 (Stereo)",
                  "numerical_id": 2,
                  "type": "audio_qualities",
                },
              ],
              "hdr_types": Array [
                Object {
                  "abbr": "NONE",
                  "id": "NONE",
                  "image": null,
                  "name": "SDR",
                  "numerical_id": 1,
                  "type": "hdr_types",
                },
              ],
              "purchase_types": Array [
                Object {
                  "available_time_in_seconds": 172800,
                  "expires_after_in_seconds": 172800,
                  "id": "1",
                  "is_recurring": false,
                  "kind": "rental",
                  "label": "ALQUILER 48H",
                  "name": "Alquiler 48H",
                  "numerical_id": 1,
                  "type": "purchase_types",
                },
                Object {
                  "available_time_in_seconds": null,
                  "expires_after_in_seconds": null,
                  "id": "2",
                  "is_recurring": false,
                  "kind": "purchase",
                  "label": "VENTA (DIGITAL LOCKER)",
                  "name": "Venta (Digital Locker)",
                  "numerical_id": 2,
                  "type": "purchase_types",
                },
              ],
              "video_qualities": Array [
                Object {
                  "abbr": "SD",
                  "id": "SD",
                  "image": "https://images-1.wuaki.tv/system/logos/2/original/sd-1456155688.png",
                  "name": "SD",
                  "numerical_id": 2,
                  "position": 0,
                  "type": "video_qualities",
                },
                Object {
                  "abbr": "HD",
                  "id": "HD",
                  "image": "https://images-0.wuaki.tv/system/logos/1/original/hd-1456155687.png",
                  "name": "HD",
                  "numerical_id": 1,
                  "position": 1,
                  "type": "video_qualities",
                },
              ],
            },
            "numerical_id": 132700,
            "rating": Object {
              "average": 3,
              "scale": 5,
            },
            "title": "A Vigilante",
            "type": "movies",
            "year": 2018,
          }
        }
        key="a-vigilante"
        to={
          Object {
            "pathname": "/details/a-vigilante",
            "state": Object {
              "from": "/",
            },
          }
        }
      />
    </EmotionCssPropInternal>
    <EmotionCssPropInternal
      __EMOTION_TYPE_PLEASE_DO_NOT_USE__="li"
      css={
        Object {
          "name": "1puajek-ListItem",
          "styles": "min-width:18.5%;max-width:18.5%;@media (min-width:880px){min-width:13.5%;max-width:13.5%;}&:not(:last-child){margin:0 5px 0 0;};label:ListItem;",
        }
      }
      data-item={5}
      key=".$deep-blue-sea-3"
    >
      <PortraitItem
        item={
          Object {
            "classification": Object {
              "adult": false,
              "age": 12,
              "default": false,
              "description": "Mostrar sólo los contenidos autorizados para los niños de hasta 12 años",
              "id": "7",
              "name": "12",
              "numerical_id": 7,
              "type": "classifications",
            },
            "duration": 95,
            "highlighted_score": Object {
              "amount_of_votes": 25,
              "formatted_amount_of_votes": "25",
              "score": 6.1,
              "site": Object {
                "id": "1",
                "image": "https://images-0.wuaki.tv/system/images/1/original/imdb-1594119387.png",
                "name": "IMDb",
                "numerical_id": 1,
                "scale": 10,
                "show_image": false,
                "type": "sites",
              },
            },
            "id": "deep-blue-sea-3",
            "images": Object {
              "artwork": "https://images-2.wuaki.tv/system/artworks/127502/master/deep-blue-sea-3-1598947260.jpeg",
              "ribbons": Array [],
              "snapshot": "https://images-0.wuaki.tv/system/shots/223833/original/deep-blue-sea-3-1594728785.jpeg",
            },
            "label": "4,99 €",
            "labels": Object {
              "audio_qualities": Array [
                Object {
                  "abbr": "2.0",
                  "id": "2.0",
                  "image": "https://images-1.wuaki.tv/system/logos/2/original/2-0-stereo-1456155689.png",
                  "name": "2.0 (Stereo)",
                  "numerical_id": 2,
                  "type": "audio_qualities",
                },
              ],
              "hdr_types": Array [
                Object {
                  "abbr": "NONE",
                  "id": "NONE",
                  "image": null,
                  "name": "SDR",
                  "numerical_id": 1,
                  "type": "hdr_types",
                },
              ],
              "purchase_types": Array [
                Object {
                  "available_time_in_seconds": 172800,
                  "expires_after_in_seconds": 172800,
                  "id": "1",
                  "is_recurring": false,
                  "kind": "rental",
                  "label": "ALQUILER 48H",
                  "name": "Alquiler 48H",
                  "numerical_id": 1,
                  "type": "purchase_types",
                },
                Object {
                  "available_time_in_seconds": null,
                  "expires_after_in_seconds": null,
                  "id": "2",
                  "is_recurring": false,
                  "kind": "purchase",
                  "label": "VENTA (DIGITAL LOCKER)",
                  "name": "Venta (Digital Locker)",
                  "numerical_id": 2,
                  "type": "purchase_types",
                },
              ],
              "video_qualities": Array [
                Object {
                  "abbr": "SD",
                  "id": "SD",
                  "image": "https://images-1.wuaki.tv/system/logos/2/original/sd-1456155688.png",
                  "name": "SD",
                  "numerical_id": 2,
                  "position": 0,
                  "type": "video_qualities",
                },
                Object {
                  "abbr": "HD",
                  "id": "HD",
                  "image": "https://images-0.wuaki.tv/system/logos/1/original/hd-1456155687.png",
                  "name": "HD",
                  "numerical_id": 1,
                  "position": 1,
                  "type": "video_qualities",
                },
              ],
            },
            "numerical_id": 127502,
            "rating": Object {
              "average": 4,
              "scale": 5,
            },
            "title": "Deep Blue Sea 3",
            "type": "movies",
            "year": 2020,
          }
        }
        key="deep-blue-sea-3"
        to={
          Object {
            "pathname": "/details/deep-blue-sea-3",
            "state": Object {
              "from": "/",
            },
          }
        }
      />
    </EmotionCssPropInternal>
    <EmotionCssPropInternal
      __EMOTION_TYPE_PLEASE_DO_NOT_USE__="li"
      css={
        Object {
          "name": "1puajek-ListItem",
          "styles": "min-width:18.5%;max-width:18.5%;@media (min-width:880px){min-width:13.5%;max-width:13.5%;}&:not(:last-child){margin:0 5px 0 0;};label:ListItem;",
        }
      }
      data-item={6}
      key=".$la-influencia"
    >
      <PortraitItem
        item={
          Object {
            "classification": Object {
              "adult": false,
              "age": 18,
              "default": true,
              "description": "Mostrar todos los contenidos, excluyendo los clasificados para adultos",
              "id": "5",
              "name": "18",
              "numerical_id": 5,
              "type": "classifications",
            },
            "duration": 102,
            "highlighted_score": Object {
              "amount_of_votes": 2733,
              "formatted_amount_of_votes": "2,7K",
              "score": 4.5,
              "site": Object {
                "id": "1",
                "image": "https://images-0.wuaki.tv/system/images/1/original/imdb-1594119387.png",
                "name": "IMDb",
                "numerical_id": 1,
                "scale": 10,
                "show_image": false,
                "type": "sites",
              },
            },
            "id": "la-influencia",
            "images": Object {
              "artwork": "https://images-1.wuaki.tv/system/artworks/127623/master/la-influencia-1601890708.jpeg",
              "ribbons": Array [],
              "snapshot": "https://images-2.wuaki.tv/system/shots/226109/original/the-influence-1601890697.jpeg",
            },
            "label": "3,99 €",
            "labels": Object {
              "audio_qualities": Array [
                Object {
                  "abbr": "2.0",
                  "id": "2.0",
                  "image": "https://images-1.wuaki.tv/system/logos/2/original/2-0-stereo-1456155689.png",
                  "name": "2.0 (Stereo)",
                  "numerical_id": 2,
                  "type": "audio_qualities",
                },
              ],
              "hdr_types": Array [
                Object {
                  "abbr": "NONE",
                  "id": "NONE",
                  "image": null,
                  "name": "SDR",
                  "numerical_id": 1,
                  "type": "hdr_types",
                },
              ],
              "purchase_types": Array [
                Object {
                  "available_time_in_seconds": 172800,
                  "expires_after_in_seconds": 172800,
                  "id": "1",
                  "is_recurring": false,
                  "kind": "rental",
                  "label": "ALQUILER 48H",
                  "name": "Alquiler 48H",
                  "numerical_id": 1,
                  "type": "purchase_types",
                },
                Object {
                  "available_time_in_seconds": null,
                  "expires_after_in_seconds": null,
                  "id": "2",
                  "is_recurring": false,
                  "kind": "purchase",
                  "label": "VENTA (DIGITAL LOCKER)",
                  "name": "Venta (Digital Locker)",
                  "numerical_id": 2,
                  "type": "purchase_types",
                },
              ],
              "video_qualities": Array [
                Object {
                  "abbr": "SD",
                  "id": "SD",
                  "image": "https://images-1.wuaki.tv/system/logos/2/original/sd-1456155688.png",
                  "name": "SD",
                  "numerical_id": 2,
                  "position": 0,
                  "type": "video_qualities",
                },
                Object {
                  "abbr": "HD",
                  "id": "HD",
                  "image": "https://images-0.wuaki.tv/system/logos/1/original/hd-1456155687.png",
                  "name": "HD",
                  "numerical_id": 1,
                  "position": 1,
                  "type": "video_qualities",
                },
              ],
            },
            "numerical_id": 127623,
            "rating": Object {
              "average": 3,
              "scale": 5,
            },
            "title": "La Influencia",
            "type": "movies",
            "year": 2019,
          }
        }
        key="la-influencia"
        to={
          Object {
            "pathname": "/details/la-influencia",
            "state": Object {
              "from": "/",
            },
          }
        }
      />
    </EmotionCssPropInternal>
    <EmotionCssPropInternal
      __EMOTION_TYPE_PLEASE_DO_NOT_USE__="li"
      css={
        Object {
          "name": "1puajek-ListItem",
          "styles": "min-width:18.5%;max-width:18.5%;@media (min-width:880px){min-width:13.5%;max-width:13.5%;}&:not(:last-child){margin:0 5px 0 0;};label:ListItem;",
        }
      }
      data-item={7}
      key=".$la-herencia"
    >
      <PortraitItem
        item={
          Object {
            "classification": Object {
              "adult": false,
              "age": 16,
              "default": false,
              "description": "Mostrar sólo los contenidos autorizados para los niños de hasta 16 años",
              "id": "8",
              "name": "16",
              "numerical_id": 8,
              "type": "classifications",
            },
            "duration": 106,
            "highlighted_score": Object {
              "amount_of_votes": 3050,
              "formatted_amount_of_votes": "3,1K",
              "score": 5.4,
              "site": Object {
                "id": "1",
                "image": "https://images-0.wuaki.tv/system/images/1/original/imdb-1594119387.png",
                "name": "IMDb",
                "numerical_id": 1,
                "scale": 10,
                "show_image": false,
                "type": "sites",
              },
            },
            "id": "la-herencia",
            "images": Object {
              "artwork": "https://images-2.wuaki.tv/system/artworks/130827/master/la-herencia-1595322451.jpeg",
              "ribbons": Array [],
              "snapshot": "https://images-3.wuaki.tv/system/shots/224000/original/inheritance-1593592508.jpeg",
            },
            "label": "3,99 €",
            "labels": Object {
              "audio_qualities": Array [
                Object {
                  "abbr": "2.0",
                  "id": "2.0",
                  "image": "https://images-1.wuaki.tv/system/logos/2/original/2-0-stereo-1456155689.png",
                  "name": "2.0 (Stereo)",
                  "numerical_id": 2,
                  "type": "audio_qualities",
                },
              ],
              "hdr_types": Array [
                Object {
                  "abbr": "NONE",
                  "id": "NONE",
                  "image": null,
                  "name": "SDR",
                  "numerical_id": 1,
                  "type": "hdr_types",
                },
              ],
              "purchase_types": Array [
                Object {
                  "available_time_in_seconds": 172800,
                  "expires_after_in_seconds": 172800,
                  "id": "1",
                  "is_recurring": false,
                  "kind": "rental",
                  "label": "ALQUILER 48H",
                  "name": "Alquiler 48H",
                  "numerical_id": 1,
                  "type": "purchase_types",
                },
                Object {
                  "available_time_in_seconds": null,
                  "expires_after_in_seconds": null,
                  "id": "2",
                  "is_recurring": false,
                  "kind": "purchase",
                  "label": "VENTA (DIGITAL LOCKER)",
                  "name": "Venta (Digital Locker)",
                  "numerical_id": 2,
                  "type": "purchase_types",
                },
              ],
              "video_qualities": Array [
                Object {
                  "abbr": "SD",
                  "id": "SD",
                  "image": "https://images-1.wuaki.tv/system/logos/2/original/sd-1456155688.png",
                  "name": "SD",
                  "numerical_id": 2,
                  "position": 0,
                  "type": "video_qualities",
                },
                Object {
                  "abbr": "HD",
                  "id": "HD",
                  "image": "https://images-0.wuaki.tv/system/logos/1/original/hd-1456155687.png",
                  "name": "HD",
                  "numerical_id": 1,
                  "position": 1,
                  "type": "video_qualities",
                },
              ],
            },
            "numerical_id": 130827,
            "rating": Object {
              "average": 3,
              "scale": 5,
            },
            "title": "La Herencia",
            "type": "movies",
            "year": 2020,
          }
        }
        key="la-herencia"
        to={
          Object {
            "pathname": "/details/la-herencia",
            "state": Object {
              "from": "/",
            },
          }
        }
      />
    </EmotionCssPropInternal>
    <EmotionCssPropInternal
      __EMOTION_TYPE_PLEASE_DO_NOT_USE__="li"
      css={
        Object {
          "name": "1puajek-ListItem",
          "styles": "min-width:18.5%;max-width:18.5%;@media (min-width:880px){min-width:13.5%;max-width:13.5%;}&:not(:last-child){margin:0 5px 0 0;};label:ListItem;",
        }
      }
      data-item={8}
      key=".$escape-plan-3"
    >
      <PortraitItem
        item={
          Object {
            "classification": Object {
              "adult": false,
              "age": 16,
              "default": false,
              "description": "Mostrar sólo los contenidos autorizados para los niños de hasta 16 años",
              "id": "8",
              "name": "16",
              "numerical_id": 8,
              "type": "classifications",
            },
            "duration": 93,
            "highlighted_score": Object {
              "amount_of_votes": 1197,
              "formatted_amount_of_votes": "1,2K",
              "score": 4.4,
              "site": Object {
                "id": "1",
                "image": "https://images-0.wuaki.tv/system/images/1/original/imdb-1594119387.png",
                "name": "IMDb",
                "numerical_id": 1,
                "scale": 10,
                "show_image": false,
                "type": "sites",
              },
            },
            "id": "escape-plan-3",
            "images": Object {
              "artwork": "https://images-0.wuaki.tv/system/artworks/132698/master/escape-plan-3-1597237664.jpeg",
              "ribbons": Array [],
              "snapshot": "https://images-1.wuaki.tv/system/shots/198724/original/snapshot-1590667009.jpeg",
            },
            "label": "3,99 €",
            "labels": Object {
              "audio_qualities": Array [
                Object {
                  "abbr": "2.0",
                  "id": "2.0",
                  "image": "https://images-1.wuaki.tv/system/logos/2/original/2-0-stereo-1456155689.png",
                  "name": "2.0 (Stereo)",
                  "numerical_id": 2,
                  "type": "audio_qualities",
                },
              ],
              "hdr_types": Array [
                Object {
                  "abbr": "NONE",
                  "id": "NONE",
                  "image": null,
                  "name": "SDR",
                  "numerical_id": 1,
                  "type": "hdr_types",
                },
              ],
              "purchase_types": Array [
                Object {
                  "available_time_in_seconds": 172800,
                  "expires_after_in_seconds": 172800,
                  "id": "1",
                  "is_recurring": false,
                  "kind": "rental",
                  "label": "ALQUILER 48H",
                  "name": "Alquiler 48H",
                  "numerical_id": 1,
                  "type": "purchase_types",
                },
                Object {
                  "available_time_in_seconds": null,
                  "expires_after_in_seconds": null,
                  "id": "2",
                  "is_recurring": false,
                  "kind": "purchase",
                  "label": "VENTA (DIGITAL LOCKER)",
                  "name": "Venta (Digital Locker)",
                  "numerical_id": 2,
                  "type": "purchase_types",
                },
              ],
              "video_qualities": Array [
                Object {
                  "abbr": "SD",
                  "id": "SD",
                  "image": "https://images-1.wuaki.tv/system/logos/2/original/sd-1456155688.png",
                  "name": "SD",
                  "numerical_id": 2,
                  "position": 0,
                  "type": "video_qualities",
                },
                Object {
                  "abbr": "HD",
                  "id": "HD",
                  "image": "https://images-0.wuaki.tv/system/logos/1/original/hd-1456155687.png",
                  "name": "HD",
                  "numerical_id": 1,
                  "position": 1,
                  "type": "video_qualities",
                },
              ],
            },
            "numerical_id": 132698,
            "rating": Object {
              "average": 3,
              "scale": 5,
            },
            "title": "Escape Plan 3",
            "type": "movies",
            "year": 2019,
          }
        }
        key="escape-plan-3"
        to={
          Object {
            "pathname": "/details/escape-plan-3",
            "state": Object {
              "from": "/",
            },
          }
        }
      />
    </EmotionCssPropInternal>
    <EmotionCssPropInternal
      __EMOTION_TYPE_PLEASE_DO_NOT_USE__="li"
      css={
        Object {
          "name": "1puajek-ListItem",
          "styles": "min-width:18.5%;max-width:18.5%;@media (min-width:880px){min-width:13.5%;max-width:13.5%;}&:not(:last-child){margin:0 5px 0 0;};label:ListItem;",
        }
      }
      data-item={9}
      key=".$mortal"
    >
      <PortraitItem
        item={
          Object {
            "classification": Object {
              "adult": false,
              "age": 12,
              "default": false,
              "description": "Mostrar sólo los contenidos autorizados para los niños de hasta 12 años",
              "id": "7",
              "name": "12",
              "numerical_id": 7,
              "type": "classifications",
            },
            "duration": 100,
            "highlighted_score": Object {
              "amount_of_votes": 81,
              "formatted_amount_of_votes": "81",
              "score": 6.4,
              "site": Object {
                "id": "1",
                "image": "https://images-0.wuaki.tv/system/images/1/original/imdb-1594119387.png",
                "name": "IMDb",
                "numerical_id": 1,
                "scale": 10,
                "show_image": false,
                "type": "sites",
              },
            },
            "id": "mortal",
            "images": Object {
              "artwork": "https://images-1.wuaki.tv/system/artworks/132704/master/mortal-1597848971.jpeg",
              "ribbons": Array [],
              "snapshot": "https://images-0.wuaki.tv/system/shots/201043/original/mortal-1596461298.jpeg",
            },
            "label": "3,99 €",
            "labels": Object {
              "audio_qualities": Array [
                Object {
                  "abbr": "2.0",
                  "id": "2.0",
                  "image": "https://images-1.wuaki.tv/system/logos/2/original/2-0-stereo-1456155689.png",
                  "name": "2.0 (Stereo)",
                  "numerical_id": 2,
                  "type": "audio_qualities",
                },
              ],
              "hdr_types": Array [
                Object {
                  "abbr": "NONE",
                  "id": "NONE",
                  "image": null,
                  "name": "SDR",
                  "numerical_id": 1,
                  "type": "hdr_types",
                },
              ],
              "purchase_types": Array [
                Object {
                  "available_time_in_seconds": 172800,
                  "expires_after_in_seconds": 172800,
                  "id": "1",
                  "is_recurring": false,
                  "kind": "rental",
                  "label": "ALQUILER 48H",
                  "name": "Alquiler 48H",
                  "numerical_id": 1,
                  "type": "purchase_types",
                },
                Object {
                  "available_time_in_seconds": null,
                  "expires_after_in_seconds": null,
                  "id": "2",
                  "is_recurring": false,
                  "kind": "purchase",
                  "label": "VENTA (DIGITAL LOCKER)",
                  "name": "Venta (Digital Locker)",
                  "numerical_id": 2,
                  "type": "purchase_types",
                },
              ],
              "video_qualities": Array [
                Object {
                  "abbr": "SD",
                  "id": "SD",
                  "image": "https://images-1.wuaki.tv/system/logos/2/original/sd-1456155688.png",
                  "name": "SD",
                  "numerical_id": 2,
                  "position": 0,
                  "type": "video_qualities",
                },
                Object {
                  "abbr": "HD",
                  "id": "HD",
                  "image": "https://images-0.wuaki.tv/system/logos/1/original/hd-1456155687.png",
                  "name": "HD",
                  "numerical_id": 1,
                  "position": 1,
                  "type": "video_qualities",
                },
              ],
            },
            "numerical_id": 132704,
            "rating": Object {
              "average": 4,
              "scale": 5,
            },
            "title": "Mortal",
            "type": "movies",
            "year": 2020,
          }
        }
        key="mortal"
        to={
          Object {
            "pathname": "/details/mortal",
            "state": Object {
              "from": "/",
            },
          }
        }
      />
    </EmotionCssPropInternal>
    <EmotionCssPropInternal
      __EMOTION_TYPE_PLEASE_DO_NOT_USE__="li"
      css={
        Object {
          "name": "1puajek-ListItem",
          "styles": "min-width:18.5%;max-width:18.5%;@media (min-width:880px){min-width:13.5%;max-width:13.5%;}&:not(:last-child){margin:0 5px 0 0;};label:ListItem;",
        }
      }
      data-item={10}
      key=".$el-avion-del-dinero"
    >
      <PortraitItem
        item={
          Object {
            "classification": Object {
              "adult": false,
              "age": 16,
              "default": false,
              "description": "Mostrar sólo los contenidos autorizados para los niños de hasta 16 años",
              "id": "8",
              "name": "16",
              "numerical_id": 8,
              "type": "classifications",
            },
            "duration": 82,
            "highlighted_score": Object {
              "amount_of_votes": 168,
              "formatted_amount_of_votes": "168",
              "score": 3,
              "site": Object {
                "id": "1",
                "image": "https://images-0.wuaki.tv/system/images/1/original/imdb-1594119387.png",
                "name": "IMDb",
                "numerical_id": 1,
                "scale": 10,
                "show_image": false,
                "type": "sites",
              },
            },
            "id": "el-avion-del-dinero",
            "images": Object {
              "artwork": "https://images-1.wuaki.tv/system/artworks/131442/master/money-plane-1596784853.jpeg",
              "ribbons": Array [],
              "snapshot": "https://images-3.wuaki.tv/system/shots/224099/original/money-plane-1594291873.jpeg",
            },
            "label": "3,99 €",
            "labels": Object {
              "audio_qualities": Array [
                Object {
                  "abbr": "2.0",
                  "id": "2.0",
                  "image": "https://images-1.wuaki.tv/system/logos/2/original/2-0-stereo-1456155689.png",
                  "name": "2.0 (Stereo)",
                  "numerical_id": 2,
                  "type": "audio_qualities",
                },
              ],
              "hdr_types": Array [
                Object {
                  "abbr": "NONE",
                  "id": "NONE",
                  "image": null,
                  "name": "SDR",
                  "numerical_id": 1,
                  "type": "hdr_types",
                },
              ],
              "purchase_types": Array [
                Object {
                  "available_time_in_seconds": 172800,
                  "expires_after_in_seconds": 172800,
                  "id": "1",
                  "is_recurring": false,
                  "kind": "rental",
                  "label": "ALQUILER 48H",
                  "name": "Alquiler 48H",
                  "numerical_id": 1,
                  "type": "purchase_types",
                },
                Object {
                  "available_time_in_seconds": null,
                  "expires_after_in_seconds": null,
                  "id": "2",
                  "is_recurring": false,
                  "kind": "purchase",
                  "label": "VENTA (DIGITAL LOCKER)",
                  "name": "Venta (Digital Locker)",
                  "numerical_id": 2,
                  "type": "purchase_types",
                },
              ],
              "video_qualities": Array [
                Object {
                  "abbr": "SD",
                  "id": "SD",
                  "image": "https://images-1.wuaki.tv/system/logos/2/original/sd-1456155688.png",
                  "name": "SD",
                  "numerical_id": 2,
                  "position": 0,
                  "type": "video_qualities",
                },
                Object {
                  "abbr": "HD",
                  "id": "HD",
                  "image": "https://images-0.wuaki.tv/system/logos/1/original/hd-1456155687.png",
                  "name": "HD",
                  "numerical_id": 1,
                  "position": 1,
                  "type": "video_qualities",
                },
              ],
            },
            "numerical_id": 131442,
            "rating": Object {
              "average": 2,
              "scale": 5,
            },
            "title": "El Avión del Dinero",
            "type": "movies",
            "year": 2020,
          }
        }
        key="el-avion-del-dinero"
        to={
          Object {
            "pathname": "/details/el-avion-del-dinero",
            "state": Object {
              "from": "/",
            },
          }
        }
      />
    </EmotionCssPropInternal>
    <EmotionCssPropInternal
      __EMOTION_TYPE_PLEASE_DO_NOT_USE__="li"
      css={
        Object {
          "name": "1puajek-ListItem",
          "styles": "min-width:18.5%;max-width:18.5%;@media (min-width:880px){min-width:13.5%;max-width:13.5%;}&:not(:last-child){margin:0 5px 0 0;};label:ListItem;",
        }
      }
      data-item={11}
      key=".$2-22-la-hora-senalada"
    >
      <PortraitItem
        item={
          Object {
            "classification": Object {
              "adult": false,
              "age": 16,
              "default": false,
              "description": "Mostrar sólo los contenidos autorizados para los niños de hasta 16 años",
              "id": "8",
              "name": "16",
              "numerical_id": 8,
              "type": "classifications",
            },
            "duration": 94,
            "highlighted_score": Object {
              "amount_of_votes": 8566,
              "formatted_amount_of_votes": "8,6K",
              "score": 5.7,
              "site": Object {
                "id": "1",
                "image": "https://images-0.wuaki.tv/system/images/1/original/imdb-1594119387.png",
                "name": "IMDb",
                "numerical_id": 1,
                "scale": 10,
                "show_image": false,
                "type": "sites",
              },
            },
            "id": "2-22-la-hora-senalada",
            "images": Object {
              "artwork": "https://images-3.wuaki.tv/system/artworks/132701/master/2-22-la-hora-senalada-1597241725.jpeg",
              "ribbons": Array [],
              "snapshot": "https://images-2.wuaki.tv/system/shots/187784/original/snapshot-1590659820.jpeg",
            },
            "label": "3,99 €",
            "labels": Object {
              "audio_qualities": Array [
                Object {
                  "abbr": "2.0",
                  "id": "2.0",
                  "image": "https://images-1.wuaki.tv/system/logos/2/original/2-0-stereo-1456155689.png",
                  "name": "2.0 (Stereo)",
                  "numerical_id": 2,
                  "type": "audio_qualities",
                },
              ],
              "hdr_types": Array [
                Object {
                  "abbr": "NONE",
                  "id": "NONE",
                  "image": null,
                  "name": "SDR",
                  "numerical_id": 1,
                  "type": "hdr_types",
                },
              ],
              "purchase_types": Array [
                Object {
                  "available_time_in_seconds": 172800,
                  "expires_after_in_seconds": 172800,
                  "id": "1",
                  "is_recurring": false,
                  "kind": "rental",
                  "label": "ALQUILER 48H",
                  "name": "Alquiler 48H",
                  "numerical_id": 1,
                  "type": "purchase_types",
                },
                Object {
                  "available_time_in_seconds": null,
                  "expires_after_in_seconds": null,
                  "id": "2",
                  "is_recurring": false,
                  "kind": "purchase",
                  "label": "VENTA (DIGITAL LOCKER)",
                  "name": "Venta (Digital Locker)",
                  "numerical_id": 2,
                  "type": "purchase_types",
                },
              ],
              "video_qualities": Array [
                Object {
                  "abbr": "SD",
                  "id": "SD",
                  "image": "https://images-1.wuaki.tv/system/logos/2/original/sd-1456155688.png",
                  "name": "SD",
                  "numerical_id": 2,
                  "position": 0,
                  "type": "video_qualities",
                },
                Object {
                  "abbr": "HD",
                  "id": "HD",
                  "image": "https://images-0.wuaki.tv/system/logos/1/original/hd-1456155687.png",
                  "name": "HD",
                  "numerical_id": 1,
                  "position": 1,
                  "type": "video_qualities",
                },
              ],
            },
            "numerical_id": 132701,
            "rating": Object {
              "average": 3,
              "scale": 5,
            },
            "title": "2:22: La hora señalada",
            "type": "movies",
            "year": 2017,
          }
        }
        key="2-22-la-hora-senalada"
        to={
          Object {
            "pathname": "/details/2-22-la-hora-senalada",
            "state": Object {
              "from": "/",
            },
          }
        }
      />
    </EmotionCssPropInternal>
    <EmotionCssPropInternal
      __EMOTION_TYPE_PLEASE_DO_NOT_USE__="li"
      css={
        Object {
          "name": "1puajek-ListItem",
          "styles": "min-width:18.5%;max-width:18.5%;@media (min-width:880px){min-width:13.5%;max-width:13.5%;}&:not(:last-child){margin:0 5px 0 0;};label:ListItem;",
        }
      }
      data-item={12}
      key=".$la-lista-de-a-la-mierda"
    >
      <PortraitItem
        item={
          Object {
            "classification": Object {
              "adult": false,
              "age": 7,
              "default": false,
              "description": "Mostrar sólo los contenidos autorizados para niños de hasta 7 años",
              "id": "3",
              "name": "7",
              "numerical_id": 3,
              "type": "classifications",
            },
            "duration": 98,
            "highlighted_score": Object {
              "amount_of_votes": 3784,
              "formatted_amount_of_votes": "3,8K",
              "score": 5.1,
              "site": Object {
                "id": "1",
                "image": "https://images-0.wuaki.tv/system/images/1/original/imdb-1594119387.png",
                "name": "IMDb",
                "numerical_id": 1,
                "scale": 10,
                "show_image": false,
                "type": "sites",
              },
            },
            "id": "la-lista-de-a-la-mierda",
            "images": Object {
              "artwork": "https://images-2.wuaki.tv/system/artworks/135548/master/la-lista-de-a-la-mierda-1601555234.jpeg",
              "ribbons": Array [],
              "snapshot": "https://images-0.wuaki.tv/system/shots/226066/original/the-f-k-it-list-1601552338.jpeg",
            },
            "label": "1,99 €",
            "labels": Object {
              "audio_qualities": Array [
                Object {
                  "abbr": "2.0",
                  "id": "2.0",
                  "image": "https://images-1.wuaki.tv/system/logos/2/original/2-0-stereo-1456155689.png",
                  "name": "2.0 (Stereo)",
                  "numerical_id": 2,
                  "type": "audio_qualities",
                },
              ],
              "hdr_types": Array [
                Object {
                  "abbr": "NONE",
                  "id": "NONE",
                  "image": null,
                  "name": "SDR",
                  "numerical_id": 1,
                  "type": "hdr_types",
                },
              ],
              "purchase_types": Array [
                Object {
                  "available_time_in_seconds": 172800,
                  "expires_after_in_seconds": 172800,
                  "id": "1",
                  "is_recurring": false,
                  "kind": "rental",
                  "label": "ALQUILER 48H",
                  "name": "Alquiler 48H",
                  "numerical_id": 1,
                  "type": "purchase_types",
                },
                Object {
                  "available_time_in_seconds": null,
                  "expires_after_in_seconds": null,
                  "id": "2",
                  "is_recurring": false,
                  "kind": "purchase",
                  "label": "VENTA (DIGITAL LOCKER)",
                  "name": "Venta (Digital Locker)",
                  "numerical_id": 2,
                  "type": "purchase_types",
                },
              ],
              "video_qualities": Array [
                Object {
                  "abbr": "SD",
                  "id": "SD",
                  "image": "https://images-1.wuaki.tv/system/logos/2/original/sd-1456155688.png",
                  "name": "SD",
                  "numerical_id": 2,
                  "position": 0,
                  "type": "video_qualities",
                },
                Object {
                  "abbr": "HD",
                  "id": "HD",
                  "image": "https://images-0.wuaki.tv/system/logos/1/original/hd-1456155687.png",
                  "name": "HD",
                  "numerical_id": 1,
                  "position": 1,
                  "type": "video_qualities",
                },
              ],
            },
            "numerical_id": 135548,
            "rating": Object {
              "average": 3,
              "scale": 5,
            },
            "title": "La lista de a la mierda",
            "type": "movies",
            "year": 2020,
          }
        }
        key="la-lista-de-a-la-mierda"
        to={
          Object {
            "pathname": "/details/la-lista-de-a-la-mierda",
            "state": Object {
              "from": "/",
            },
          }
        }
      />
    </EmotionCssPropInternal>
    <EmotionCssPropInternal
      __EMOTION_TYPE_PLEASE_DO_NOT_USE__="li"
      css={
        Object {
          "name": "1puajek-ListItem",
          "styles": "min-width:18.5%;max-width:18.5%;@media (min-width:880px){min-width:13.5%;max-width:13.5%;}&:not(:last-child){margin:0 5px 0 0;};label:ListItem;",
        }
      }
      data-item={13}
      key=".$el-caso-collini"
    >
      <PortraitItem
        item={
          Object {
            "classification": Object {
              "adult": false,
              "age": 12,
              "default": false,
              "description": "Mostrar sólo los contenidos autorizados para los niños de hasta 12 años",
              "id": "7",
              "name": "12",
              "numerical_id": 7,
              "type": "classifications",
            },
            "duration": 118,
            "highlighted_score": Object {
              "amount_of_votes": 714,
              "formatted_amount_of_votes": "714",
              "score": 7.3,
              "site": Object {
                "id": "1",
                "image": "https://images-0.wuaki.tv/system/images/1/original/imdb-1594119387.png",
                "name": "IMDb",
                "numerical_id": 1,
                "scale": 10,
                "show_image": false,
                "type": "sites",
              },
            },
            "id": "el-caso-collini",
            "images": Object {
              "artwork": "https://images-3.wuaki.tv/system/artworks/132703/master/el-caso-collini-1599116175.jpeg",
              "ribbons": Array [],
              "snapshot": "https://images-3.wuaki.tv/system/shots/198928/original/snapshot-1590667222.jpeg",
            },
            "label": "3,99 €",
            "labels": Object {
              "audio_qualities": Array [
                Object {
                  "abbr": "2.0",
                  "id": "2.0",
                  "image": "https://images-1.wuaki.tv/system/logos/2/original/2-0-stereo-1456155689.png",
                  "name": "2.0 (Stereo)",
                  "numerical_id": 2,
                  "type": "audio_qualities",
                },
              ],
              "hdr_types": Array [
                Object {
                  "abbr": "NONE",
                  "id": "NONE",
                  "image": null,
                  "name": "SDR",
                  "numerical_id": 1,
                  "type": "hdr_types",
                },
              ],
              "purchase_types": Array [
                Object {
                  "available_time_in_seconds": 172800,
                  "expires_after_in_seconds": 172800,
                  "id": "1",
                  "is_recurring": false,
                  "kind": "rental",
                  "label": "ALQUILER 48H",
                  "name": "Alquiler 48H",
                  "numerical_id": 1,
                  "type": "purchase_types",
                },
                Object {
                  "available_time_in_seconds": null,
                  "expires_after_in_seconds": null,
                  "id": "2",
                  "is_recurring": false,
                  "kind": "purchase",
                  "label": "VENTA (DIGITAL LOCKER)",
                  "name": "Venta (Digital Locker)",
                  "numerical_id": 2,
                  "type": "purchase_types",
                },
              ],
              "video_qualities": Array [
                Object {
                  "abbr": "SD",
                  "id": "SD",
                  "image": "https://images-1.wuaki.tv/system/logos/2/original/sd-1456155688.png",
                  "name": "SD",
                  "numerical_id": 2,
                  "position": 0,
                  "type": "video_qualities",
                },
                Object {
                  "abbr": "HD",
                  "id": "HD",
                  "image": "https://images-0.wuaki.tv/system/logos/1/original/hd-1456155687.png",
                  "name": "HD",
                  "numerical_id": 1,
                  "position": 1,
                  "type": "video_qualities",
                },
              ],
            },
            "numerical_id": 132703,
            "rating": Object {
              "average": 4,
              "scale": 5,
            },
            "title": "El caso Collini",
            "type": "movies",
            "year": 2019,
          }
        }
        key="el-caso-collini"
        to={
          Object {
            "pathname": "/details/el-caso-collini",
            "state": Object {
              "from": "/",
            },
          }
        }
      />
    </EmotionCssPropInternal>
    <EmotionCssPropInternal
      __EMOTION_TYPE_PLEASE_DO_NOT_USE__="li"
      css={
        Object {
          "name": "1puajek-ListItem",
          "styles": "min-width:18.5%;max-width:18.5%;@media (min-width:880px){min-width:13.5%;max-width:13.5%;}&:not(:last-child){margin:0 5px 0 0;};label:ListItem;",
        }
      }
      data-item={14}
      key=".$el-tunel"
    >
      <PortraitItem
        item={
          Object {
            "classification": Object {
              "adult": false,
              "age": 16,
              "default": false,
              "description": "Mostrar sólo los contenidos autorizados para los niños de hasta 16 años",
              "id": "8",
              "name": "16",
              "numerical_id": 8,
              "type": "classifications",
            },
            "duration": 99,
            "highlighted_score": Object {
              "amount_of_votes": 262,
              "formatted_amount_of_votes": "262",
              "score": 7,
              "site": Object {
                "id": "1",
                "image": "https://images-0.wuaki.tv/system/images/1/original/imdb-1594119387.png",
                "name": "IMDb",
                "numerical_id": 1,
                "scale": 10,
                "show_image": false,
                "type": "sites",
              },
            },
            "id": "el-tunel",
            "images": Object {
              "artwork": "https://images-2.wuaki.tv/system/artworks/130825/master/el-tunel-1597846402.png",
              "ribbons": Array [],
              "snapshot": "https://images-2.wuaki.tv/system/shots/199697/original/snapshot-1590667992.jpeg",
            },
            "label": "3,99 €",
            "labels": Object {
              "audio_qualities": Array [
                Object {
                  "abbr": "2.0",
                  "id": "2.0",
                  "image": "https://images-1.wuaki.tv/system/logos/2/original/2-0-stereo-1456155689.png",
                  "name": "2.0 (Stereo)",
                  "numerical_id": 2,
                  "type": "audio_qualities",
                },
              ],
              "hdr_types": Array [
                Object {
                  "abbr": "NONE",
                  "id": "NONE",
                  "image": null,
                  "name": "SDR",
                  "numerical_id": 1,
                  "type": "hdr_types",
                },
              ],
              "purchase_types": Array [
                Object {
                  "available_time_in_seconds": 172800,
                  "expires_after_in_seconds": 172800,
                  "id": "1",
                  "is_recurring": false,
                  "kind": "rental",
                  "label": "ALQUILER 48H",
                  "name": "Alquiler 48H",
                  "numerical_id": 1,
                  "type": "purchase_types",
                },
                Object {
                  "available_time_in_seconds": null,
                  "expires_after_in_seconds": null,
                  "id": "2",
                  "is_recurring": false,
                  "kind": "purchase",
                  "label": "VENTA (DIGITAL LOCKER)",
                  "name": "Venta (Digital Locker)",
                  "numerical_id": 2,
                  "type": "purchase_types",
                },
              ],
              "video_qualities": Array [
                Object {
                  "abbr": "SD",
                  "id": "SD",
                  "image": "https://images-1.wuaki.tv/system/logos/2/original/sd-1456155688.png",
                  "name": "SD",
                  "numerical_id": 2,
                  "position": 0,
                  "type": "video_qualities",
                },
                Object {
                  "abbr": "HD",
                  "id": "HD",
                  "image": "https://images-0.wuaki.tv/system/logos/1/original/hd-1456155687.png",
                  "name": "HD",
                  "numerical_id": 1,
                  "position": 1,
                  "type": "video_qualities",
                },
              ],
            },
            "numerical_id": 130825,
            "rating": Object {
              "average": 4,
              "scale": 5,
            },
            "title": "El túnel",
            "type": "movies",
            "year": 2019,
          }
        }
        key="el-tunel"
        to={
          Object {
            "pathname": "/details/el-tunel",
            "state": Object {
              "from": "/",
            },
          }
        }
      />
    </EmotionCssPropInternal>
    <EmotionCssPropInternal
      __EMOTION_TYPE_PLEASE_DO_NOT_USE__="li"
      css={
        Object {
          "name": "1puajek-ListItem",
          "styles": "min-width:18.5%;max-width:18.5%;@media (min-width:880px){min-width:13.5%;max-width:13.5%;}&:not(:last-child){margin:0 5px 0 0;};label:ListItem;",
        }
      }
      data-item={15}
      key=".$oro-blanco"
    >
      <PortraitItem
        item={
          Object {
            "classification": Object {
              "adult": false,
              "age": 7,
              "default": false,
              "description": "Mostrar sólo los contenidos autorizados para niños de hasta 7 años",
              "id": "3",
              "name": "7",
              "numerical_id": 3,
              "type": "classifications",
            },
            "duration": 88,
            "highlighted_score": Object {
              "amount_of_votes": 315,
              "formatted_amount_of_votes": "315",
              "score": 6.7,
              "site": Object {
                "id": "1",
                "image": "https://images-0.wuaki.tv/system/images/1/original/imdb-1594119387.png",
                "name": "IMDb",
                "numerical_id": 1,
                "scale": 10,
                "show_image": false,
                "type": "sites",
              },
            },
            "id": "oro-blanco",
            "images": Object {
              "artwork": "https://images-2.wuaki.tv/system/artworks/130529/master/oro-blanco-1596785227.jpeg",
              "ribbons": Array [],
              "snapshot": "https://images-3.wuaki.tv/system/shots/200415/original/snapshot-1590668656.jpeg",
            },
            "label": "3,99 €",
            "labels": Object {
              "audio_qualities": Array [
                Object {
                  "abbr": "2.0",
                  "id": "2.0",
                  "image": "https://images-1.wuaki.tv/system/logos/2/original/2-0-stereo-1456155689.png",
                  "name": "2.0 (Stereo)",
                  "numerical_id": 2,
                  "type": "audio_qualities",
                },
              ],
              "hdr_types": Array [
                Object {
                  "abbr": "NONE",
                  "id": "NONE",
                  "image": null,
                  "name": "SDR",
                  "numerical_id": 1,
                  "type": "hdr_types",
                },
              ],
              "purchase_types": Array [
                Object {
                  "available_time_in_seconds": 172800,
                  "expires_after_in_seconds": 172800,
                  "id": "1",
                  "is_recurring": false,
                  "kind": "rental",
                  "label": "ALQUILER 48H",
                  "name": "Alquiler 48H",
                  "numerical_id": 1,
                  "type": "purchase_types",
                },
                Object {
                  "available_time_in_seconds": null,
                  "expires_after_in_seconds": null,
                  "id": "2",
                  "is_recurring": false,
                  "kind": "purchase",
                  "label": "VENTA (DIGITAL LOCKER)",
                  "name": "Venta (Digital Locker)",
                  "numerical_id": 2,
                  "type": "purchase_types",
                },
              ],
              "video_qualities": Array [
                Object {
                  "abbr": "SD",
                  "id": "SD",
                  "image": "https://images-1.wuaki.tv/system/logos/2/original/sd-1456155688.png",
                  "name": "SD",
                  "numerical_id": 2,
                  "position": 0,
                  "type": "video_qualities",
                },
                Object {
                  "abbr": "HD",
                  "id": "HD",
                  "image": "https://images-0.wuaki.tv/system/logos/1/original/hd-1456155687.png",
                  "name": "HD",
                  "numerical_id": 1,
                  "position": 1,
                  "type": "video_qualities",
                },
              ],
            },
            "numerical_id": 130529,
            "rating": Object {
              "average": 4,
              "scale": 5,
            },
            "title": "Oro blanco",
            "type": "movies",
            "year": 2019,
          }
        }
        key="oro-blanco"
        to={
          Object {
            "pathname": "/details/oro-blanco",
            "state": Object {
              "from": "/",
            },
          }
        }
      />
    </EmotionCssPropInternal>
    <EmotionCssPropInternal
      __EMOTION_TYPE_PLEASE_DO_NOT_USE__="li"
      css={
        Object {
          "name": "1puajek-ListItem",
          "styles": "min-width:18.5%;max-width:18.5%;@media (min-width:880px){min-width:13.5%;max-width:13.5%;}&:not(:last-child){margin:0 5px 0 0;};label:ListItem;",
        }
      }
      data-item={16}
      key=".$desconectados"
    >
      <PortraitItem
        item={
          Object {
            "classification": Object {
              "adult": false,
              "age": 12,
              "default": false,
              "description": "Mostrar sólo los contenidos autorizados para los niños de hasta 12 años",
              "id": "7",
              "name": "12",
              "numerical_id": 7,
              "type": "classifications",
            },
            "duration": 93,
            "highlighted_score": Object {
              "amount_of_votes": 73,
              "formatted_amount_of_votes": "73",
              "score": 6.7,
              "site": Object {
                "id": "1",
                "image": "https://images-0.wuaki.tv/system/images/1/original/imdb-1594119387.png",
                "name": "IMDb",
                "numerical_id": 1,
                "scale": 10,
                "show_image": false,
                "type": "sites",
              },
            },
            "id": "desconectados",
            "images": Object {
              "artwork": "https://images-3.wuaki.tv/system/artworks/133873/master/desconectados-1600768252.jpeg",
              "ribbons": Array [],
              "snapshot": "https://images-0.wuaki.tv/system/shots/225635/original/save-yourselves-1600768044.jpeg",
            },
            "label": "3,99 €",
            "labels": Object {
              "audio_qualities": Array [
                Object {
                  "abbr": "2.0",
                  "id": "2.0",
                  "image": "https://images-1.wuaki.tv/system/logos/2/original/2-0-stereo-1456155689.png",
                  "name": "2.0 (Stereo)",
                  "numerical_id": 2,
                  "type": "audio_qualities",
                },
              ],
              "hdr_types": Array [
                Object {
                  "abbr": "NONE",
                  "id": "NONE",
                  "image": null,
                  "name": "SDR",
                  "numerical_id": 1,
                  "type": "hdr_types",
                },
              ],
              "purchase_types": Array [
                Object {
                  "available_time_in_seconds": 172800,
                  "expires_after_in_seconds": 172800,
                  "id": "1",
                  "is_recurring": false,
                  "kind": "rental",
                  "label": "ALQUILER 48H",
                  "name": "Alquiler 48H",
                  "numerical_id": 1,
                  "type": "purchase_types",
                },
                Object {
                  "available_time_in_seconds": null,
                  "expires_after_in_seconds": null,
                  "id": "2",
                  "is_recurring": false,
                  "kind": "purchase",
                  "label": "VENTA (DIGITAL LOCKER)",
                  "name": "Venta (Digital Locker)",
                  "numerical_id": 2,
                  "type": "purchase_types",
                },
              ],
              "video_qualities": Array [
                Object {
                  "abbr": "SD",
                  "id": "SD",
                  "image": "https://images-1.wuaki.tv/system/logos/2/original/sd-1456155688.png",
                  "name": "SD",
                  "numerical_id": 2,
                  "position": 0,
                  "type": "video_qualities",
                },
                Object {
                  "abbr": "HD",
                  "id": "HD",
                  "image": "https://images-0.wuaki.tv/system/logos/1/original/hd-1456155687.png",
                  "name": "HD",
                  "numerical_id": 1,
                  "position": 1,
                  "type": "video_qualities",
                },
              ],
            },
            "numerical_id": 133873,
            "rating": Object {
              "average": 4,
              "scale": 5,
            },
            "title": "¡Desconectados!",
            "type": "movies",
            "year": 2020,
          }
        }
        key="desconectados"
        to={
          Object {
            "pathname": "/details/desconectados",
            "state": Object {
              "from": "/",
            },
          }
        }
      />
    </EmotionCssPropInternal>
    <EmotionCssPropInternal
      __EMOTION_TYPE_PLEASE_DO_NOT_USE__="li"
      css={
        Object {
          "name": "1puajek-ListItem",
          "styles": "min-width:18.5%;max-width:18.5%;@media (min-width:880px){min-width:13.5%;max-width:13.5%;}&:not(:last-child){margin:0 5px 0 0;};label:ListItem;",
        }
      }
      data-item={17}
      key=".$corre-como-una-chica"
    >
      <PortraitItem
        item={
          Object {
            "classification": Object {
              "adult": false,
              "age": 0,
              "default": false,
              "description": "Apta para todos los públicos",
              "id": "1",
              "name": "TP",
              "numerical_id": 1,
              "type": "classifications",
            },
            "duration": 94,
            "highlighted_score": Object {
              "amount_of_votes": 1050,
              "formatted_amount_of_votes": "1,1K",
              "score": 6.8,
              "site": Object {
                "id": "1",
                "image": "https://images-0.wuaki.tv/system/images/1/original/imdb-1594119387.png",
                "name": "IMDb",
                "numerical_id": 1,
                "scale": 10,
                "show_image": false,
                "type": "sites",
              },
            },
            "id": "corre-como-una-chica",
            "images": Object {
              "artwork": "https://images-1.wuaki.tv/system/artworks/132705/master/corre-como-una-chica-1598530917.jpeg",
              "ribbons": Array [],
              "snapshot": "https://images-2.wuaki.tv/system/shots/199856/original/snapshot-1590668166.jpeg",
            },
            "label": "3,99 €",
            "labels": Object {
              "audio_qualities": Array [
                Object {
                  "abbr": "2.0",
                  "id": "2.0",
                  "image": "https://images-1.wuaki.tv/system/logos/2/original/2-0-stereo-1456155689.png",
                  "name": "2.0 (Stereo)",
                  "numerical_id": 2,
                  "type": "audio_qualities",
                },
              ],
              "hdr_types": Array [
                Object {
                  "abbr": "NONE",
                  "id": "NONE",
                  "image": null,
                  "name": "SDR",
                  "numerical_id": 1,
                  "type": "hdr_types",
                },
              ],
              "purchase_types": Array [
                Object {
                  "available_time_in_seconds": 172800,
                  "expires_after_in_seconds": 172800,
                  "id": "1",
                  "is_recurring": false,
                  "kind": "rental",
                  "label": "ALQUILER 48H",
                  "name": "Alquiler 48H",
                  "numerical_id": 1,
                  "type": "purchase_types",
                },
                Object {
                  "available_time_in_seconds": null,
                  "expires_after_in_seconds": null,
                  "id": "2",
                  "is_recurring": false,
                  "kind": "purchase",
                  "label": "VENTA (DIGITAL LOCKER)",
                  "name": "Venta (Digital Locker)",
                  "numerical_id": 2,
                  "type": "purchase_types",
                },
              ],
              "video_qualities": Array [
                Object {
                  "abbr": "SD",
                  "id": "SD",
                  "image": "https://images-1.wuaki.tv/system/logos/2/original/sd-1456155688.png",
                  "name": "SD",
                  "numerical_id": 2,
                  "position": 0,
                  "type": "video_qualities",
                },
                Object {
                  "abbr": "HD",
                  "id": "HD",
                  "image": "https://images-0.wuaki.tv/system/logos/1/original/hd-1456155687.png",
                  "name": "HD",
                  "numerical_id": 1,
                  "position": 1,
                  "type": "video_qualities",
                },
              ],
            },
            "numerical_id": 132705,
            "rating": Object {
              "average": 4,
              "scale": 5,
            },
            "title": "Corre como una chica",
            "type": "movies",
            "year": 2019,
          }
        }
        key="corre-como-una-chica"
        to={
          Object {
            "pathname": "/details/corre-como-una-chica",
            "state": Object {
              "from": "/",
            },
          }
        }
      />
    </EmotionCssPropInternal>
  </EmotionCssPropInternal>
  <Button
    onClick={[Function]}
    prev={true}
    show={false}
  />
  <Button
    onClick={[Function]}
    prev={false}
    show={true}
  />
</EmotionCssPropInternal>
`;
